<testsuite tests="140">
  <testcase classname="FinalizerHandler_Test" name="bypassFinalizerShouldSucceed" time="10" />
  <testcase classname="FinalizerHandler_Test" name="bypassedFinalizerShouldNotExecute" time="3" />
  <testcase classname="FinalizerHandler_Test" name="clearAllFinalizerBypassesShouldSucceed" time="2" />
  <testcase classname="FinalizerHandler_Test" name="clearFinalizerBypassShouldSucceed" time="2" />
  <testcase classname="FinalizerHandler_Test" name="finalizerIsBypassedShouldSucceed" time="2" />
  <testcase classname="FinalizerHandler_Test" name="finalizerThatInvokesDmlShouldCauseException" time="3" />
  <testcase classname="FinalizerHandler_Test" name="finalizersShouldExecuteInOrder" time="3" />
  <testcase classname="FinalizerHandler_Test" name="invalidFinalizerClassShouldThrowException" time="2" />
  <testcase classname="FinalizerHandler_Test" name="noConfiguredFinalizerShouldTakeNoAction" time="11" />
  <testcase classname="FinalizerHandler_Test" name="properlyConfiguredFinalizerShouldExecute" time="30" />
  <testcase classname="FinalizerHandler_Test" name="referencedClassDoesNotImplementDmlFinalizerShouldThrowException" time="4" />
  <testcase classname="FinalizerHandler_Test" name="staticallyBypassedFinalizerShouldNotExecute" time="2" />
  <testcase classname="FinalizerHandler_Test" name="userWithBypassPermissionDefinedOnFinalizerShouldNotExecute" time="2" />
  <testcase classname="FinalizerHandler_Test" name="userWithoutRequiredPermissionDefinedOnFinalizerShouldNotExecute" time="2" />
  <testcase classname="FlowChangeEventHeader_Test" name="shouldBeAbleToCompare" time="31" />
  <testcase classname="FlowChangeEventHeader_Test" name="shouldBeAbleToConstruct" time="4" />
  <testcase classname="FlowChangeEventHeader_Test" name="shouldBeAbleToGenerateHashCode" time="4" />
  <testcase classname="FormulaFilter_Test" name="emptyClassShouldThrowException" time="41" />
  <testcase classname="FormulaFilter_Test" name="emptyStringFormulaShouldProcessAllRecords" time="4" />
  <testcase classname="FormulaFilter_Test" name="invalidFormulaSyntaxShouldThrowException" time="23" />
  <testcase classname="FormulaFilter_Test" name="noFormulaShouldProcessAllRecords" time="3" />
  <testcase classname="FormulaFilter_Test" name="nonExistentClassShouldThrowException" time="4" />
  <testcase classname="FormulaFilter_Test" name="nonGlobalShouldThrowException" time="6" />
  <testcase classname="FormulaFilter_Test" name="nonTriggerRecordClassShouldThrowException" time="9" />
  <testcase classname="FormulaFilter_Test" name="nullClassShouldThrowException" time="4" />
  <testcase classname="FormulaFilter_Test" name="validFormulaShouldFilterContentsOftriggerNew" time="5" />
  <testcase classname="FormulaFilter_Test" name="validFormulaWithNoMatchingRecordsShouldProcessNoRecords" time="5" />
  <testcase classname="MetadataTriggerHandler_Test" name="actionMetadataShouldConstruct" time="156" />
  <testcase classname="MetadataTriggerHandler_Test" name="actionShouldExecuteIfNoRequiredOrBypassPermissionsAreDefinedForSObjectOrAction" time="10" />
  <testcase classname="MetadataTriggerHandler_Test" name="actionShouldExecuteIfUserDoesNotHaveBypassPermissionForSObjectOrAction" time="54" />
  <testcase classname="MetadataTriggerHandler_Test" name="actionShouldNotExecuteIfUserDoesNotHaveRequiredPermissionForAction" time="5" />
  <testcase classname="MetadataTriggerHandler_Test" name="actionShouldNotExecuteIfUserDoesNotHaveRequiredPermissionForSObject" time="5" />
  <testcase classname="MetadataTriggerHandler_Test" name="actionShouldNotExecuteIfUserHasBypassPermissionForAction" time="5" />
  <testcase classname="MetadataTriggerHandler_Test" name="actionShouldNotExecuteIfUserHasBypassPermissionForSObject" time="5" />
  <testcase classname="MetadataTriggerHandler_Test" name="afterDeleteShouldFailWithIncorrectClass" time="5" />
  <testcase classname="MetadataTriggerHandler_Test" name="afterDeleteShouldFailWithIncorrectType" time="5" />
  <testcase classname="MetadataTriggerHandler_Test" name="afterDeleteShouldSucceed" time="6" />
  <testcase classname="MetadataTriggerHandler_Test" name="afterInsertShouldFailWithIncorrectClass" time="5" />
  <testcase classname="MetadataTriggerHandler_Test" name="afterInsertShouldFailWithIncorrectType" time="5" />
  <testcase classname="MetadataTriggerHandler_Test" name="afterInsertShouldSucceed" time="6" />
  <testcase classname="MetadataTriggerHandler_Test" name="afterUndeleteShouldFailWithIncorrectClass" time="5" />
  <testcase classname="MetadataTriggerHandler_Test" name="afterUndeleteShouldFailWithIncorrectType" time="5" />
  <testcase classname="MetadataTriggerHandler_Test" name="afterUndeleteShouldSucceed" time="7" />
  <testcase classname="MetadataTriggerHandler_Test" name="afterUpdateShouldFailWithIncorrectClass" time="5" />
  <testcase classname="MetadataTriggerHandler_Test" name="afterUpdateShouldFailWithIncorrectType" time="5" />
  <testcase classname="MetadataTriggerHandler_Test" name="afterUpdateShouldSucceed" time="7" />
  <testcase classname="MetadataTriggerHandler_Test" name="beforeDeleteShouldFailWithIncorrectClass" time="5" />
  <testcase classname="MetadataTriggerHandler_Test" name="beforeDeleteShouldFailWithIncorrectType" time="5" />
  <testcase classname="MetadataTriggerHandler_Test" name="beforeDeleteShouldSucceed" time="6" />
  <testcase classname="MetadataTriggerHandler_Test" name="beforeInsertShouldFailWithIncorrectClass" time="5" />
  <testcase classname="MetadataTriggerHandler_Test" name="beforeInsertShouldFailWithIncorrectType" time="5" />
  <testcase classname="MetadataTriggerHandler_Test" name="beforeInsertShouldSucceed" time="5" />
  <testcase classname="MetadataTriggerHandler_Test" name="beforeUpdateShouldFailWithIncorrectClass" time="6" />
  <testcase classname="MetadataTriggerHandler_Test" name="beforeUpdateShouldFailWithIncorrectType" time="6" />
  <testcase classname="MetadataTriggerHandler_Test" name="beforeUpdateShouldSucceed" time="7" />
  <testcase classname="MetadataTriggerHandler_Test" name="bypassShouldSucceed" time="5" />
  <testcase classname="MetadataTriggerHandler_Test" name="clearAllBypassesShouldSucceed" time="5" />
  <testcase classname="MetadataTriggerHandler_Test" name="clearBypassShouldSucceed" time="5" />
  <testcase classname="MetadataTriggerHandler_Test" name="finalizerShouldSucceed" time="8" />
  <testcase classname="MetadataTriggerHandler_Test" name="isBypassedShouldSucceed" time="5" />
  <testcase classname="MetadataTriggerHandler_Test" name="nothingToProcessShouldExitEarly" time="5" />
  <testcase classname="MetadataTriggerHandler_Test" name="theFrameworkShouldSupportFlow" time="5" />
  <testcase classname="MetadataTriggerHandler_Test" name="theFrameworkShouldSupportSObjectsFromManagedPackages" time="14" />
  <testcase classname="TA_CDL_PublishReceiptEvent_Test" name="testPublishReceiptEvent" time="179" />
  <testcase classname="TriggerActionFlowAddError_Test" name="addErrorShouldAddAnErrorAtTheFieldSpecified" time="19" />
  <testcase classname="TriggerActionFlowAddError_Test" name="addErrorShouldSucceedWithValidRequest" time="2" />
  <testcase classname="TriggerActionFlowBypass_Test" name="bypassApexShouldSucceedWithValidRequest" time="13" />
  <testcase classname="TriggerActionFlowBypass_Test" name="bypassFlowShouldSucceedWithValidRequest" time="1" />
  <testcase classname="TriggerActionFlowBypass_Test" name="bypassObjectShouldSucceedWithValidRequest" time="2" />
  <testcase classname="TriggerActionFlowBypass_Test" name="bypassShouldFailWithInvalidType" time="2" />
  <testcase classname="TriggerActionFlowChangeEvent_Test" name="correctInputShouldProduceFlowInputs" time="14" />
  <testcase classname="TriggerActionFlowChangeEvent_Test" name="emptyInputShouldProduceEmptyFlowInputs" time="1" />
  <testcase classname="TriggerActionFlowChangeEvent_Test" name="wrongDataTypeShouldThrowException" time="3" />
  <testcase classname="TriggerActionFlowClearAllBypasses_Test" name="clearAllBypassApexShouldSucceedWithValidRequest" time="20" />
  <testcase classname="TriggerActionFlowClearAllBypasses_Test" name="clearAllBypassFlowShouldSucceedWithValidRequest" time="3" />
  <testcase classname="TriggerActionFlowClearAllBypasses_Test" name="clearAllBypassObjectShouldSucceedWithValidRequest" time="3" />
  <testcase classname="TriggerActionFlowClearAllBypasses_Test" name="clearAllBypassShouldFailWithInvalidType" time="4" />
  <testcase classname="TriggerActionFlowClearBypass_Test" name="clearBypassApexShouldSucceedWithValidRequest" time="19" />
  <testcase classname="TriggerActionFlowClearBypass_Test" name="clearBypassFlowShouldSucceedWithValidRequest" time="2" />
  <testcase classname="TriggerActionFlowClearBypass_Test" name="clearBypassObjecthouldSucceedWithValidRequest" time="2" />
  <testcase classname="TriggerActionFlowClearBypass_Test" name="clearBypassShouldFailWithInvalidType" time="2" />
  <testcase classname="TriggerActionFlowIsBypassed_Test" name="isBypassedApexShouldSucceedWithValidRequest" time="13" />
  <testcase classname="TriggerActionFlowIsBypassed_Test" name="isBypassedFlowShouldSucceedWithValidRequest" time="2" />
  <testcase classname="TriggerActionFlowIsBypassed_Test" name="isBypassedObjectShouldSucceedWithValidRequest" time="2" />
  <testcase classname="TriggerActionFlowIsBypassed_Test" name="isBypassedShouldFailWithInvalidType" time="2" />
  <testcase classname="TriggerActionFlow_Test" name="afterDeleteShouldSucceed" time="60" />
  <testcase classname="TriggerActionFlow_Test" name="afterInsertShouldSucceed" time="3" />
  <testcase classname="TriggerActionFlow_Test" name="afterUndeleteShouldSucceed" time="2" />
  <testcase classname="TriggerActionFlow_Test" name="afterUpdateShouldSucceed" time="3" />
  <testcase classname="TriggerActionFlow_Test" name="afterUpdateWithNoRecordsToProcessShouldSucceed" time="3" />
  <testcase classname="TriggerActionFlow_Test" name="beforeDeleteShouldSucceed" time="2" />
  <testcase classname="TriggerActionFlow_Test" name="beforeInsertShouldSucceed" time="3" />
  <testcase classname="TriggerActionFlow_Test" name="beforeUpdateShouldSucceed" time="3" />
  <testcase classname="TriggerActionFlow_Test" name="beforeUpdateWithNoRecordsToProcessShouldSucceed" time="3" />
  <testcase classname="TriggerActionFlow_Test" name="bypassShouldSucceed" time="2" />
  <testcase classname="TriggerActionFlow_Test" name="clearAllBypassesShouldSucceed" time="2" />
  <testcase classname="TriggerActionFlow_Test" name="clearBypassShouldSucceed" time="2" />
  <testcase classname="TriggerActionFlow_Test" name="emptyFlowNameShouldThrowException" time="3" />
  <testcase classname="TriggerActionFlow_Test" name="flowMissingRecordVariableInOutputShouldThrowException" time="3" />
  <testcase classname="TriggerActionFlow_Test" name="invokeFlowShouldReturnUnsuccessfulResponseWithBogusFlowName" time="8" />
  <testcase classname="TriggerActionFlow_Test" name="isBypassedShouldSucceed" time="2" />
  <testcase classname="TriggerActionFlow_Test" name="noRecordMutationsShouldSucceed" time="2" />
  <testcase classname="TriggerActionFlow_Test" name="nulledFieldInFlowShouldBeTransferredBack" time="3" />
  <testcase classname="TriggerActionFlow_Test" name="shouldDoNothingWhenBypassed" time="2" />
  <testcase classname="TriggerActionFlow_Test" name="unsuccessfulActionResultShouldBeAddedAsErrorToRecord" time="4" />
  <testcase classname="TriggerActionFlow_Test" name="validateTypeShouldThrowExceptionWithInvalidInput" time="3" />
  <testcase classname="TriggerBase_Test" name="afterDeleteShouldSucceed" time="43" />
  <testcase classname="TriggerBase_Test" name="afterInsertShouldSucceed" time="3" />
  <testcase classname="TriggerBase_Test" name="afterUndeleteShouldSucceed" time="4" />
  <testcase classname="TriggerBase_Test" name="afterUpdateShouldSucceed" time="4" />
  <testcase classname="TriggerBase_Test" name="beforeDeleteShouldSucceed" time="4" />
  <testcase classname="TriggerBase_Test" name="beforeInsertShouldSucceed" time="4" />
  <testcase classname="TriggerBase_Test" name="beforeUpdateShouldSucceed" time="3" />
  <testcase classname="TriggerBase_Test" name="bypassShouldSucceed" time="3" />
  <testcase classname="TriggerBase_Test" name="clearAllBypassesShouldSucceed" time="3" />
  <testcase classname="TriggerBase_Test" name="clearBypassShouldSucceed" time="3" />
  <testcase classname="TriggerBase_Test" name="finalizingWithoutWaitingShouldThrowError" time="3" />
  <testcase classname="TriggerBase_Test" name="idToNumberOfTimesSeenAfterUpdate" time="4" />
  <testcase classname="TriggerBase_Test" name="idToNumberOfTimesSeenBeforeUpdate" time="4" />
  <testcase classname="TriggerBase_Test" name="inverseContextsShouldFinalizeDmlOperationDelete" time="4" />
  <testcase classname="TriggerBase_Test" name="inverseContextsShouldFinalizeDmlOperationInsert" time="4" />
  <testcase classname="TriggerBase_Test" name="inverseContextsShouldFinalizeDmlOperationUndelete" time="3" />
  <testcase classname="TriggerBase_Test" name="inverseContextsShouldFinalizeDmlOperationUpdate" time="4" />
  <testcase classname="TriggerBase_Test" name="isBypassedShouldSucceed" time="3" />
  <testcase classname="TriggerBase_Test" name="offsetRowsShouldWork" time="3" />
  <testcase classname="TriggerBase_Test" name="oldAndNewShouldComeFromTrigger" time="3" />
  <testcase classname="TriggerBase_Test" name="peekShouldShowMostRecentlyAdded" time="3" />
  <testcase classname="TriggerBase_Test" name="peekingStackWhileEmptyShouldThrowException" time="4" />
  <testcase classname="TriggerBase_Test" name="poppingStackWhileEmptyShouldThrowException" time="3" />
  <testcase classname="TriggerBase_Test" name="runShouldDoNothingWhenBypassed" time="3" />
  <testcase classname="TriggerBase_Test" name="runShouldFailWhenCalledOutsideTrigger" time="4" />
  <testcase classname="TriggerBase_Test" name="sObjectNameShouldBePopulatedFromTriggerNew" time="3" />
  <testcase classname="TriggerBase_Test" name="sObjectNameShouldBePopulatedFromTriggerOld" time="3" />
  <testcase classname="TriggerBase_Test" name="stackDepthShouldBeCalculatedProperly" time="3" />
  <testcase classname="TriggerBase_Test" name="stackShouldBeFirstInLastOut" time="3" />
  <testcase classname="TriggerBase_Test" name="stackShouldBeLastInFirstOut" time="4" />
  <testcase classname="TriggerBase_Test" name="stacksShouldBeAbleToDetermineIftheyAreEmpty" time="3" />
  <testcase classname="TriggerBase_Test" name="waitingThenFinalizingShouldWork" time="3" />
  <testcase classname="TriggerRecord_Test" name="shouldBeAbleToConstructATriggerRecord" time="9" />
  <testcase classname="Triggers_Test" name="testContentDocumentLinkTrigger" time="687">
    <failure type="failed" message="System.DmlException: Insert failed. First exception on row 0; first error: CANNOT_INSERT_UPDATE_ACTIVATE_ENTITY, agrec.ContentDocumentLinkTrigger: execution of AfterInsert

caused by: agrec.MetadataTriggerHandler.MetadataTriggerHandlerException: Please check the Trigger Action Custom Metadata for the AFTER_INSERT context on the ContentDocumentLink sObject. The TA_CDL_PublishReceiptEventAI class does not exist.

Class.agrec.MetadataTriggerHandler.handleException: line 557, column 1
Class.agrec.MetadataTriggerHandler.getTriggerActionObject: line 481, column 1
Class.agrec.MetadataTriggerHandler.executeActions: line 363, column 1
Class.agrec.MetadataTriggerHandler.afterInsert: line 171, column 1
Class.agrec.TriggerBase.run: line 189, column 1
Trigger.agrec.ContentDocumentLinkTrigger: line 7, column 1: []"><![CDATA[Class.agrec.TestDataFactory.createFiles: line 20, column 1
Class.agrec.Triggers_Test.testContentDocumentLinkTrigger: line 9, column 1]]></failure>
  </testcase>
</testsuite>